// Jest Snapshot v1, https://goo.gl/fbAQLP

exports[`AddDialModal component matches snapshot 1`] = `
<Modal
  ariaHideApp={true}
  bodyOpenClassName="ReactModal__Body--open"
  className="add-dial-modal"
  closeTimeoutMS={150}
  isOpen={true}
  onRequestClose={[Function]}
  parentSelector={[Function]}
  portalClassName="ReactModalPortal"
  shouldCloseOnEsc={true}
  shouldCloseOnOverlayClick={true}
  shouldFocusAfterRender={true}
  shouldReturnFocusAfterClose={true}
  style={
    Object {
      "content": Object {
        "background": "white",
      },
      "overlay": Object {
        "background": "linear-gradient(to bottom, #00033, #00033),
            linear-gradient(to bottom, rgba(0,0,0,0.8), rgba(0,0,0,0.8))",
      },
    }
  }
>
  <h2
    className="add-dial-modal__title"
  >
    New
     
    <span
      className="title__span"
      style={
        Object {
          "color": "#333",
        }
      }
    >
      Personal
    </span>
     
    Dial
  </h2>
  <Connect(AddDialForm)
    handleHideAddDialModal={[Function]}
    theme={
      Object {
        "dark": "#000",
        "light": "#fff",
        "primary": "#333",
      }
    }
  />
</Modal>
`;
