// Jest Snapshot v1, https://goo.gl/fbAQLP

exports[`DeleteConfirm component matches snapshot 1`] = `
<Styled(div)>
  <Styled(p)>
    Delete 
    <Styled(span)
      primary={true}
    >
      Goodreads
    </Styled(span)>
     from
     
    <Styled(span)>
      Personal
    </Styled(span)>
     Container?
  </Styled(p)>
  <Styled(div)>
    <Styled(button)
      onClick={[Function]}
      secondary={true}
    >
      Cancel
    </Styled(button)>
    <Styled(button)
      danger={true}
      onClick={[Function]}
    >
      Delete
    </Styled(button)>
  </Styled(div)>
</Styled(div)>
`;
