// Jest Snapshot v1, https://goo.gl/fbAQLP

exports[`DialForm component matches snapshot 1`] = `
<Styled(form)
  onSubmit={[Function]}
>
  <Styled(div)>
    <Styled(label)
      htmlFor="site-name"
    >
      Site Name
    </Styled(label)>
    <Styled(input)
      id="site-name"
      onBlur={[Function]}
      onChange={[Function]}
      placeholder="e.g. Facebook"
      type="text"
      value=""
    />
  </Styled(div)>
  <Styled(div)>
    <Styled(label)
      htmlFor="site-url"
    >
      Site URL
    </Styled(label)>
    <Styled(input)
      id="site-url"
      onBlur={[Function]}
      onChange={[Function]}
      placeholder="e.g. https://facebook.com"
      type="text"
      value=""
    />
  </Styled(div)>
  <Styled(div)>
    <Styled(button)
      onClick={[Function]}
      secondary={true}
    >
      Cancel
    </Styled(button)>
    <Styled(button)
      disabled={true}
      primary={true}
      type="submit"
    >
      Add Dial
    </Styled(button)>
  </Styled(div)>
</Styled(form)>
`;
