// Jest Snapshot v1, https://goo.gl/fbAQLP

exports[`DialModal component matches snapshot 1`] = `
<Modal
  ariaHideApp={true}
  bodyOpenClassName="ReactModal__Body--open"
  className={
    Object {
      "base": "css-5ws0ld",
      "beforeClose": "css-17m32ze",
    }
  }
  closeTimeoutMS={150}
  isOpen={true}
  onRequestClose={[Function]}
  overlayClassName={[Function]}
  parentSelector={[Function]}
  portalClassName="ReactModalPortal"
  shouldCloseOnEsc={true}
  shouldCloseOnOverlayClick={true}
  shouldFocusAfterRender={true}
  shouldReturnFocusAfterClose={true}
>
  <Styled(h2)>
    New 
    <Styled(span)>
      Personal
    </Styled(span)>
     Dial
  </Styled(h2)>
  <Connect(DialForm)
    handleHideDialModal={[Function]}
    toggleShowDeleteConfirm={[Function]}
  />
</Modal>
`;
