// Jest Snapshot v1, https://goo.gl/fbAQLP

exports[`Dial Component matches snapshot 1`] = `
<Styled(button)
  onClick={[Function]}
  tabIndex={1}
>
  <Styled(div)>
    Goodreads
  </Styled(div)>
  <Styled(div)
    favicon="icon.jpg"
    useFavicon={false}
  >
    G
  </Styled(div)>
</Styled(button)>
`;
