// Jest Snapshot v1, https://goo.gl/fbAQLP

exports[`DialForm component matches snapshot 1`] = `
<Form
  onSubmit={[Function]}
>
  <FormField
    error=""
    id="site-name"
    label="Site Name"
    onBlur={[Function]}
    onChange={[Function]}
    placeholder="e.g. Facebook"
    value=""
  />
  <FormField
    error=""
    id="site-url"
    label="Site Url"
    onBlur={[Function]}
    onChange={[Function]}
    placeholder="e.g. https://facebook.com"
    value=""
  />
  <ButtonGroup>
    <Button
      onClick={[Function]}
      text="Cancel"
    />
    <Button
      disabled={true}
      icon="done"
      primary={true}
      submit={true}
      text="Add Dial"
    />
  </ButtonGroup>
</Form>
`;
