// Jest Snapshot v1, https://goo.gl/fbAQLP

exports[`NewTabPage component matches snapshot 1`] = `
<Connect(Component)
  theme={
    Object {
      "dark": "#000",
      "light": "#fff",
      "primary": "#333",
    }
  }
>
  <AddDialModal
    container={
      Object {
        "name": "Default",
      }
    }
    handleHideAddDialModal={[Function]}
    isOpen={false}
    theme={
      Object {
        "dark": "#000",
        "light": "#fff",
        "primary": "#333",
      }
    }
  />
  <GridList>
    <Dial
      ariaLabel="Youtube"
      icon="https://s.ytimg.com/yts/img/favicon_96-vflW9Ec0w.png"
      key="Youtube"
      siteName="Youtube"
      siteUrl="www.youtube.com"
      theme={
        Object {
          "dark": "#000",
          "light": "#fff",
          "primary": "#333",
        }
      }
    />
    <Dial
      ariaLabel="Daily Cooking Quest"
      icon="https://s.ytimg.com/yts/img/favicon_96-vflW9Ec0w.png"
      key="Daily Cooking Quest"
      siteName="Daily Cooking Quest"
      siteUrl="www.dailycookingquest.com"
      theme={
        Object {
          "dark": "#000",
          "light": "#fff",
          "primary": "#333",
        }
      }
    />
    <Dial
      ariaLabel="Mozilla Developer Documentation"
      icon="https://s.ytimg.com/yts/img/favicon_96-vflW9Ec0w.png"
      key="Mozilla Developer Documentation"
      siteName="Mozilla Developer Documentation"
      siteUrl="developer.mozilla.org"
      theme={
        Object {
          "dark": "#000",
          "light": "#fff",
          "primary": "#333",
        }
      }
    />
    <AddDialButton
      handleShowAddDialModal={[Function]}
    />
  </GridList>
</Connect(Component)>
`;
