// Jest Snapshot v1, https://goo.gl/fbAQLP

exports[`NewTabPage component matches snapshot 1`] = `
<Connect(Component)
  theme={
    Object {
      "dark": "#000",
      "light": "#fff",
      "primary": "#333",
    }
  }
>
  <GridList>
    <Dial
      ariaLabel="Youtube"
      icon="https://s.ytimg.com/yts/img/favicon_96-vflW9Ec0w.png"
      key="Youtube"
      name="Youtube"
      theme={
        Object {
          "dark": "#000",
          "light": "#fff",
          "primary": "#333",
        }
      }
    />
    <Dial
      ariaLabel="Daily Cooking Quest"
      icon="https://s.ytimg.com/yts/img/favicon_96-vflW9Ec0w.png"
      key="Daily Cooking Quest"
      name="Daily Cooking Quest"
      theme={
        Object {
          "dark": "#000",
          "light": "#fff",
          "primary": "#333",
        }
      }
    />
    <Dial
      ariaLabel="Mozilla Developer Documentation"
      icon="https://s.ytimg.com/yts/img/favicon_96-vflW9Ec0w.png"
      key="Mozilla Developer Documentation"
      name="Mozilla Developer Documentation"
      theme={
        Object {
          "dark": "#000",
          "light": "#fff",
          "primary": "#333",
        }
      }
    />
    <AddDialButton />
  </GridList>
</Connect(Component)>
`;
