// Jest Snapshot v1, https://goo.gl/fbAQLP

exports[`Page component matches snapshot 1`] = `
<Styled(div)>
  <Styled(div)
    background={
      Object {
        "container": "Default",
        "image": Object {
          "urls": Object {
            "full": "image.jpg",
          },
        },
      }
    }
  >
    <Styled(div)>
      <Styled(h1)>
        Default
      </Styled(h1)>
    </Styled(div)>
  </Styled(div)>
</Styled(div)>
`;
