// Jest Snapshot v1, https://goo.gl/fbAQLP

exports[`Page component matches snapshot 1`] = `
<div
  className="page__container"
>
  <div
    className="page"
    style={
      Object {
        "backgroundImage": "url('image.jpg')",
      }
    }
  >
    <h1
      className="page__title"
      style={
        Object {
          "color": "#fff",
        }
      }
    >
      Default
    </h1>
  </div>
</div>
`;
